# 虚拟机性能监控与故障处理工具

## JDK监控

|名称|主要作用|
|---|---|
|jps|显示指定系统内所有的HotSpot虚拟机进程|
|jstat|用于收集HotSpot虚拟机各方面的运行数据|
|jinfo|显示虚拟机配置信息|
|jmap|生成虚拟机内存转储快照|
|jhat|用于分析heapdump文件，它会建立一个Http/html 服务器，用户可以在浏览器上查看分析结果|
|jstack|显示虚拟机的线程快照|

### top命令
top实时显示正在执行进程的CPU使用率、内存使用率以及系统负载等信息  
top -Hp pid查看具体线程使用系统资源情况

### Linux命令 vmstat
一款指定采样周期和次数的功能性监测工具，不仅可以统计内存的使用情况，还可以观测CPU的使用率、swap的使用情况，经常观测进程的上下文切换。

### Linux命令 pidstat
是Sysstat中的一个组件，一款功能强大的性能监测工具。top 和vmstat两个命令都是监测进程的内存、CPU以及I/O使用情况，而pidstat命令深入线程级别。  

* -u:默认的参数，显示各个进程的CPU使用情况
* -r:显示各个进程的内存使用情况
* -d:显示各个进程的I/O使用情况
* -w:显示各个进程的上下文切换
* -p:指定进程号
* -t:显示进程中线程的统计信息

```shell

[root@izwz9853xzzbsd0y95igboz ~]# pidstat -p 2759 -r 1 3
Linux 3.10.0-1062.1.1.el7.x86_64 (izwz9853xzzbsd0y95igboz) 	08/13/2020 	_x86_64_	(2 CPU)

09:02:24 PM   UID       PID  minflt/s  majflt/s     VSZ    RSS   %MEM  Command
09:02:25 PM     0      2759      0.00      0.00 3656888 442732  11.41  java
09:02:26 PM     0      2759      0.00      0.00 3656888 442732  11.41  java
09:02:27 PM     0      2759      0.00      0.00 3656888 442732  11.41  java
Average:        0      2759      0.00      0.00 3656888 442732  11.41  java
```
-r 表示监控内存使用情况，1表示每秒的意思，3采样次数

指标含义：
* VSZ：虚拟地址大小，虚拟内存使用KB
* RSS：常驻集合大小，非交换区内存使用KB

### jdk 命令 jstat
监测java应用程序的实时运行情况，包括堆内信息以及垃圾回收信息，
-class：显示 ClassLoad 的相关信息；
-compiler：显示 JIT 编译的相关信息；
-gc：显示和 gc 相关的堆信息；
-gccapacity：显示各个代的容量以及使用情况；
-gcmetacapacity：显示 Metaspace 的大小；
-gcnew：显示新生代信息；
-gcnewcapacity：显示新生代大小和使用情况；
-gcold：显示老年代和永久代的信息；
-gcoldcapacity ：显示老年代的大小；
-gcutil：显示垃圾收集信息；
-gccause：显示垃圾回收的相关信息（通 -gcutil），同时显示最后一次或当前正在发生的垃圾回收的诱因；
-printcompilation：输出 JIT 编译的方法信息。

```shell
[root@izwz9853xzzbsd0y95igboz ~]# jstat -gc 2759
 S0C    S1C    S0U    S1U      EC       EU        OC         OU       MC     MU    CCSC   CCSU   YGC     YGCT    FGC    FGCT     GCT   
2560.0 2560.0  0.0   192.0  48128.0  17838.3   95232.0    43965.5   85672.0 82380.3 10416.0 9766.9     87    0.851  13      3.346    4.198

```
S0C：年轻代中 To Survivor 的容量（单位 KB）；
S1C：年轻代中 From Survivor 的容量（单位 KB）；
S0U：年轻代中 To Survivor 目前已使用空间（单位 KB）；
S1U：年轻代中 From Survivor 目前已使用空间（单位 KB）；
EC：年轻代中 Eden 的容量（单位 KB）；
EU：年轻代中 Eden 目前已使用空间（单位 KB）；
OC：Old 代的容量（单位 KB）；
OU：Old 代目前已使用空间（单位 KB）；
MC：Metaspace 的容量（单位 KB）；
MU：Metaspace 目前已使用空间（单位 KB）；
YGC：从应用程序启动到采样时年轻代中 gc 次数；
YGCT：从应用程序启动到采样时年轻代中 gc 所用时间 (s)；
FGC：从应用程序启动到采样时 old 代（全 gc）gc 次数；
FGCT：从应用程序启动到采样时 old 代（全 gc）gc 所用时间 (s)；
GCT：从应用程序启动到采样时 gc 用的总时间 (s)。

### JDK命令jstack
jstack pid命令查看线程的堆栈信息，通常结合top -Hp pid或pidstat -p pid -t一起查看线程的状态，排除死锁异常。

### jmap
jmap查看堆内初试配置信息以及堆内存的使用情况，输出堆内存中的对象信息，包括产生了哪些对象，对象数量等。
```shell
[root@izwz9853xzzbsd0y95igboz ~]# jmap -heap 2759
Attaching to process ID 2759, please wait...
Debugger attached successfully.
Server compiler detected.
JVM version is 25.171-b11

using thread-local object allocation.
Parallel GC with 2 thread(s)

Heap Configuration:
   MinHeapFreeRatio         = 0
   MaxHeapFreeRatio         = 100
   MaxHeapSize              = 994050048 (948.0MB)
   NewSize                  = 20971520 (20.0MB)
   MaxNewSize               = 331350016 (316.0MB)
   OldSize                  = 41943040 (40.0MB)
   NewRatio                 = 2
   SurvivorRatio            = 8
   MetaspaceSize            = 21807104 (20.796875MB)
   CompressedClassSpaceSize = 1073741824 (1024.0MB)
   MaxMetaspaceSize         = 17592186044415 MB
   G1HeapRegionSize         = 0 (0.0MB)

Heap Usage:
PS Young Generation
Eden Space:
   capacity = 49283072 (47.0MB)
   used     = 18959464 (18.081153869628906MB)
   free     = 30323608 (28.918846130371094MB)
   38.47054014814661% used
From Space:
   capacity = 2621440 (2.5MB)
   used     = 196608 (0.1875MB)
   free     = 2424832 (2.3125MB)
   7.5% used
To Space:
   capacity = 2621440 (2.5MB)
   used     = 0 (0.0MB)
   free     = 2621440 (2.5MB)
   0.0% used
PS Old Generation
   capacity = 97517568 (93.0MB)
   used     = 45020632 (42.935020446777344MB)
   free     = 52496936 (50.064979553222656MB)
   46.166688652448755% used
```
jmap -histo:live pid | more
```shell
[root@izwz9853xzzbsd0y95igboz ~]# jmap -histo:live 2759 | more

 num     #instances         #bytes  class name
----------------------------------------------
   1:        111060       13046760  [C
   2:         38434        3382192  java.lang.reflect.Method
   3:         89866        2875712  java.util.concurrent.ConcurrentHashMap$Node
   4:        105286        2526864  java.lang.String
   5:          6754        1848320  [B
   6:         15420        1723576  java.lang.Class
   7:         34294        1646112  org.aspectj.weaver.reflect.ShadowMatchImpl
   8:         20459        1223752  [Ljava.lang.Object;
   9:         29769        1190760  java.util.LinkedHashMap$Entry
  10:         34294        1097408  org.aspectj.weaver.patterns.ExposedState
  11:         13303        1034568  [Ljava.util.HashMap$Node;
  12:          6989        1010184  [I
  13:         24660         789120  java.util.HashMap$Node
  14:         13149         736344  java.util.LinkedHashMap
  15:           335         668760  [Ljava.util.concurrent.ConcurrentHashMap$Node;
  16:         34504         552064  java.lang.Object
  17:         19570         448648  [Ljava.lang.Class;
  18:         16092         386208  java.util.ArrayList
  19:          5746         275808  java.util.HashMap
  20:          8283         263712  [Ljava.lang.String;
  21:          9285         222840  org.springframework.core.MethodClassKey
  22:          4756         190240  java.lang.ref.SoftReference
  23:          5617         179744  java.lang.ref.WeakReference
  24:          2343         168696  org.springframework.core.annotation.AnnotationAttributes
  25:          4229         135328  java.util.LinkedList
  26:          1627         130160  java.lang.reflect.Constructor
  27:            31         123376  [Ljava.nio.ByteBuffer;
  28:          4779         114696  java.util.LinkedList$Node
  29:          1740         111360  springfox.documentation.service.Parameter
  30:          4584         110016  sun.reflect.generics.tree.SimpleClassTypeSignature
  31:          2268          90720  java.util.WeakHashMap$Entry
  32:           250          88168  [Ljava.util.WeakHashMap$Entry;
  33:          4584          86184  [Lsun.reflect.generics.tree.TypeArgument;
  34:          5253          84048  java.util.LinkedHashSet
  35:          1000          80000  com.hs.demo.framework.shiro.session.OnlineSession
  36:          2490          79680  springfox.documentation.schema.ModelRef
  37:          1976          79040  java.util.TreeMap$Entry
  38:           500          73968  [S
  39:          3129          73624  [Ljava.lang.reflect.Type;
  40:          1529          73392  java.util.concurrent.locks.ReentrantReadWrit
  ```


## 优化垃圾回收
### GC调优策略

* 1.降低MinorGC频率
新生代空间较小，Eden区很快被填满，导致频繁MinorGC，增大新生代空间降低MinorGC的频率。
单词MinorGC时间由两部分组成T1（扫描）和T2（复制存活对象），如果扩大新生代，增加了T1，省去了T2，复制对象成本远高于扫描成本。  
单次MinorGC时间更多取决于GC后存活对象的数量，而非Eden区。

* 降低FGC频率
减少创建大对象：大对象会被直接创建在老年代，即使被创建了新生代，也会Minor GC之后进入老年代，大对象容易产生较多的FullGC .
增大内存空间：在堆内存不足的情况下，增大堆内存，且设置初始化堆内存为最大堆内存，也可以降低Full GC的频率。

* 选择合适的GC回收器
响应速度快的GC回收器CMS和G1
